// Jest Snapshot v1, https://goo.gl/fbAQLP

exports[`axml parse parse component 1`] = `"{\\"class\\":[\\"amd-tabs\\",\\"amd-tabs-bar\\",\\"amd-tabs-bar-underline\\",\\"amd-tabs-bar-sticky\\",\\"amd-tabs-bar-plus\\",\\"amd-tabs-bar-fade\\",\\"amd-tabs-bar-fade-left\\",\\"amd-tabs-bar-fade\\",\\"amd-tabs-bar-fade-right\\",\\"amd-tabs-bar-scroll-view\\",\\"amd-tabs-bar-item-placeholder\\",\\"amd-tabs-bar-wrap\\",\\"amd-tabs-bar-item\\",\\"amd-tabs-bar-basis\\",\\"amd-tabs-bar-active\\",\\"amd-tabs-bar-disabled\\",\\"amd-tabs-bar-item\\",\\"amd-tabs-bar-capsule\\",\\"amd-tabs-bar-active\\",\\"amd-tabs-bar-disabled\\",\\"amd-tabs-bar-capsule-title\\",\\"amd-tabs-bar-capsule-badge\\",\\"amd-tabs-bar-item\\",\\"amd-tabs-bar-mixin\\",\\"amd-tabs-bar-active\\",\\"amd-tabs-bar-disabled\\",\\"amd-tabs-bar-mixin-title\\",\\"amd-tabs-bar-mixin-subtitle\\",\\"amd-tabs-bar-item-placeholder\\",\\"amd-tabs-content\\",\\"amd-tabs-content_H100\\",\\"amd-tabs-content\\",\\"amd-tabs-slides\\",\\"amd-tabs-slides-height\\"],\\"slot\\":[[{\\"key\\":\\"name\\",\\"value\\":\\"plus\\",\\"decs\\":\\"右上角图标插槽\\"}],[{\\"key\\":\\"name\\",\\"value\\":\\"title\\",\\"decs\\":\\"添加作用域插槽\\"}],[],[]],\\"cssVar\\":[],\\"tips\\":[],\\"title\\":\\"\\",\\"desc\\":\\"\\",\\"api\\":{\\"prop\\":[],\\"method\\":[]}}"`;
